>>> say_my_name = __import__('3-say_my_name').say_my_name

>>> say_my_name(1, "Nezha")
Traceback (most recent call last):
    ...
TypeError: first_name must be a string

>>> say_my_name(1, 1)
Traceback (most recent call last):
    ...
TypeError: first_name must be a string

>>> say_my_name("Aysha", 1)
Traceback (most recent call last):
    ...
TypeError: last_name must be a string

>>> say_my_name("Nezha", "Taghy")
My name is Nezha Taghy

>>> say_my_name("Aysha")
My name is Aysha 

>>> say_my_name()
Traceback (most recent call last):
    ...
TypeError: say_my_name() missing 1 required positional argument: 'first_name'
